I'm sorry, but errors were detected in your script. Please correct the
errors listed below, and try again.


File "game/script.rpy", line 1007: end of line expected.
    call credits with fade
                 ^

Ren'Py Version: Ren'Py 6.99.12.4.2187
